// Jest Snapshot v1, https://goo.gl/fbAQLP

exports[`renderSections basic 1`] = `
[
  {
    "children": [
      {
        "children": [],
        "deepLevel": 1,
        "index": 0,
        "levelLen": 4,
        "mmdata": {
          "children": [],
          "id": "df33ea79-6532-44db-966a-e50fefdf7205",
          "title": "分支主题 1",
        },
        "parentIndex": 0,
        "parentLevelLen": 1,
        "parentX": 0,
        "x": -2250,
        "y": 0,
        "z": -3000,
      },
      {
        "children": [
          {
            "children": [],
            "deepLevel": 2,
            "index": 0,
            "levelLen": 2,
            "mmdata": {
              "children": [],
              "id": "76dd5dc1-b063-4671-b320-264817cf08b0",
              "title": "子主题 1",
            },
            "parentIndex": 1,
            "parentLevelLen": 4,
            "parentX": -750,
            "x": -750,
            "y": -750,
            "z": -6000,
          },
          {
            "children": [],
            "deepLevel": 2,
            "index": 1,
            "levelLen": 2,
            "mmdata": {
              "children": [],
              "id": "7f89b01d-0ea6-41ac-b03f-1f6a288d4579",
              "title": "子主题 2",
            },
            "parentIndex": 1,
            "parentLevelLen": 4,
            "parentX": -750,
            "x": -750,
            "y": 750,
            "z": -6000,
          },
        ],
        "deepLevel": 1,
        "index": 1,
        "levelLen": 4,
        "mmdata": {
          "children": [
            {
              "children": [],
              "id": "76dd5dc1-b063-4671-b320-264817cf08b0",
              "title": "子主题 1",
            },
            {
              "children": [],
              "id": "7f89b01d-0ea6-41ac-b03f-1f6a288d4579",
              "title": "子主题 2",
            },
          ],
          "id": "e4f67763-0c0f-40bb-9622-47a9b2c0cdda",
          "title": "分支主题 3",
        },
        "parentIndex": 0,
        "parentLevelLen": 1,
        "parentX": 0,
        "x": -750,
        "y": 0,
        "z": -3000,
      },
      {
        "children": [],
        "deepLevel": 1,
        "index": 2,
        "levelLen": 4,
        "mmdata": {
          "children": [],
          "id": "f0846f61-7b67-40eb-932a-7f29d1d81174",
          "title": "分支主题 3",
        },
        "parentIndex": 0,
        "parentLevelLen": 1,
        "parentX": 0,
        "x": 750,
        "y": 0,
        "z": -3000,
      },
      {
        "children": [],
        "deepLevel": 1,
        "index": 3,
        "levelLen": 4,
        "mmdata": {
          "children": [],
          "id": "4e26e5f9-b301-48cd-8769-7353e1bbd592",
          "title": "分支主题 4",
        },
        "parentIndex": 0,
        "parentLevelLen": 1,
        "parentX": 0,
        "x": 2250,
        "y": 0,
        "z": -3000,
      },
    ],
    "deepLevel": 0,
    "index": 0,
    "levelLen": 1,
    "mmdata": {
      "children": [
        {
          "children": [],
          "id": "df33ea79-6532-44db-966a-e50fefdf7205",
          "title": "分支主题 1",
        },
        {
          "children": [
            {
              "children": [],
              "id": "76dd5dc1-b063-4671-b320-264817cf08b0",
              "title": "子主题 1",
            },
            {
              "children": [],
              "id": "7f89b01d-0ea6-41ac-b03f-1f6a288d4579",
              "title": "子主题 2",
            },
          ],
          "id": "e4f67763-0c0f-40bb-9622-47a9b2c0cdda",
          "title": "分支主题 3",
        },
        {
          "children": [],
          "id": "f0846f61-7b67-40eb-932a-7f29d1d81174",
          "title": "分支主题 3",
        },
        {
          "children": [],
          "id": "4e26e5f9-b301-48cd-8769-7353e1bbd592",
          "title": "分支主题 4",
        },
      ],
      "id": "b6fba32a5998f4471032b9a135",
      "title": "中心主题",
    },
    "parentIndex": 0,
    "parentLevelLen": 0,
    "parentX": 0,
    "x": 0,
    "y": 0,
    "z": -0,
  },
]
`;
